// Jest Snapshot v1, https://goo.gl/fbAQLP

exports[`Set Props should inject props from the store and accept external props 1`] = `
<p>
  Count: 
  0
  <button
    onClick={[Function]}
  >
    Increment
  </button>
</p>
`;
